pip install django
C:\Python37\Scripts>python c:\Python37\Scripts\django-admin.py startproject DjangoDemo

cd DjangoDemo

python manage.py startapp demoapp

Django可以做成自动搜索自动化数据和问题单的图表模式



https://realpython.com/django-setup/#django-install










#Django running in venv:

pip install Django -i http://mirrors.aliyun.com/pypi/simple --trusted-host mirrors.aliyun.com

python manage.py migrate


Microsoft Windows [Version 10.0.19043.1348]
(c) Microsoft Corporation. All rights reserved.

C:\Users\sewang>pip3

Usage:
  pip3 <command> [options]

Commands:
  install                     Install packages.
  download                    Download packages.
  uninstall                   Uninstall packages.
  freeze                      Output installed packages in requirements format.
  list                        List installed packages.
  show                        Show information about installed packages.
  check                       Verify installed packages have compatible dependencies.
  config                      Manage local and global configuration.
  search                      Search PyPI for packages.
  cache                       Inspect and manage pip's wheel cache.
  wheel                       Build wheels from your requirements.
  hash                        Compute hashes of package archives.
  completion                  A helper command used for command completion.
  debug                       Show information useful for debugging.
  help                        Show help for commands.

General Options:
  -h, --help                  Show help.
  --isolated                  Run pip in an isolated mode, ignoring environment variables and user configuration.
  -v, --verbose               Give more output. Option is additive, and can be used up to 3 times.
  -V, --version               Show version and exit.
  -q, --quiet                 Give less output. Option is additive, and can be used up to 3 times (corresponding to
                              WARNING, ERROR, and CRITICAL logging levels).
  --log <path>                Path to a verbose appending log.
  --no-input                  Disable prompting for input.
  --proxy <proxy>             Specify a proxy in the form [user:passwd@]proxy.server:port.
  --retries <retries>         Maximum number of retries each connection should attempt (default 5 times).
  --timeout <sec>             Set the socket timeout (default 15 seconds).
  --exists-action <action>    Default action when a path already exists: (s)witch, (i)gnore, (w)ipe, (b)ackup,
                              (a)bort.
  --trusted-host <hostname>   Mark this host or host:port pair as trusted, even though it does not have valid or any
                              HTTPS.
  --cert <path>               Path to PEM-encoded CA certificate bundle. If provided, overrides the default. See 'SSL
                              Certificate Verification' in pip documentation for more information.
  --client-cert <path>        Path to SSL client certificate, a single file containing the private key and the
                              certificate in PEM format.
  --cache-dir <dir>           Store the cache data in <dir>.
  --no-cache-dir              Disable the cache.
  --disable-pip-version-check
                              Don't periodically check PyPI to determine whether a new version of pip is available for
                              download. Implied with --no-index.
  --no-color                  Suppress colored output.
  --no-python-version-warning
                              Silence deprecation warnings for upcoming unsupported Pythons.
  --use-feature <feature>     Enable new functionality, that may be backward incompatible.
  --use-deprecated <feature>  Enable deprecated functionality, that will be removed in the future.

C:\Users\sewang>pip

Usage:
  pip <command> [options]

Commands:
  install                     Install packages.
  download                    Download packages.
  uninstall                   Uninstall packages.
  freeze                      Output installed packages in requirements format.
  list                        List installed packages.
  show                        Show information about installed packages.
  check                       Verify installed packages have compatible dependencies.
  config                      Manage local and global configuration.
  search                      Search PyPI for packages.
  cache                       Inspect and manage pip's wheel cache.
  wheel                       Build wheels from your requirements.
  hash                        Compute hashes of package archives.
  completion                  A helper command used for command completion.
  debug                       Show information useful for debugging.
  help                        Show help for commands.

General Options:
  -h, --help                  Show help.
  --isolated                  Run pip in an isolated mode, ignoring environment variables and user configuration.
  -v, --verbose               Give more output. Option is additive, and can be used up to 3 times.
  -V, --version               Show version and exit.
  -q, --quiet                 Give less output. Option is additive, and can be used up to 3 times (corresponding to
                              WARNING, ERROR, and CRITICAL logging levels).
  --log <path>                Path to a verbose appending log.
  --no-input                  Disable prompting for input.
  --proxy <proxy>             Specify a proxy in the form [user:passwd@]proxy.server:port.
  --retries <retries>         Maximum number of retries each connection should attempt (default 5 times).
  --timeout <sec>             Set the socket timeout (default 15 seconds).
  --exists-action <action>    Default action when a path already exists: (s)witch, (i)gnore, (w)ipe, (b)ackup,
                              (a)bort.
  --trusted-host <hostname>   Mark this host or host:port pair as trusted, even though it does not have valid or any
                              HTTPS.
  --cert <path>               Path to PEM-encoded CA certificate bundle. If provided, overrides the default. See 'SSL
                              Certificate Verification' in pip documentation for more information.
  --client-cert <path>        Path to SSL client certificate, a single file containing the private key and the
                              certificate in PEM format.
  --cache-dir <dir>           Store the cache data in <dir>.
  --no-cache-dir              Disable the cache.
  --disable-pip-version-check
                              Don't periodically check PyPI to determine whether a new version of pip is available for
                              download. Implied with --no-index.
  --no-color                  Suppress colored output.
  --no-python-version-warning
                              Silence deprecation warnings for upcoming unsupported Pythons.
  --use-feature <feature>     Enable new functionality, that may be backward incompatible.
  --use-deprecated <feature>  Enable deprecated functionality, that will be removed in the future.

C:\Users\sewang>pip -v

Usage:
  pip <command> [options]

Commands:
  install                     Install packages.
  download                    Download packages.
  uninstall                   Uninstall packages.
  freeze                      Output installed packages in requirements format.
  list                        List installed packages.
  show                        Show information about installed packages.
  check                       Verify installed packages have compatible dependencies.
  config                      Manage local and global configuration.
  search                      Search PyPI for packages.
  cache                       Inspect and manage pip's wheel cache.
  wheel                       Build wheels from your requirements.
  hash                        Compute hashes of package archives.
  completion                  A helper command used for command completion.
  debug                       Show information useful for debugging.
  help                        Show help for commands.

General Options:
  -h, --help                  Show help.
  --isolated                  Run pip in an isolated mode, ignoring environment variables and user configuration.
  -v, --verbose               Give more output. Option is additive, and can be used up to 3 times.
  -V, --version               Show version and exit.
  -q, --quiet                 Give less output. Option is additive, and can be used up to 3 times (corresponding to
                              WARNING, ERROR, and CRITICAL logging levels).
  --log <path>                Path to a verbose appending log.
  --no-input                  Disable prompting for input.
  --proxy <proxy>             Specify a proxy in the form [user:passwd@]proxy.server:port.
  --retries <retries>         Maximum number of retries each connection should attempt (default 5 times).
  --timeout <sec>             Set the socket timeout (default 15 seconds).
  --exists-action <action>    Default action when a path already exists: (s)witch, (i)gnore, (w)ipe, (b)ackup,
                              (a)bort.
  --trusted-host <hostname>   Mark this host or host:port pair as trusted, even though it does not have valid or any
                              HTTPS.
  --cert <path>               Path to PEM-encoded CA certificate bundle. If provided, overrides the default. See 'SSL
                              Certificate Verification' in pip documentation for more information.
  --client-cert <path>        Path to SSL client certificate, a single file containing the private key and the
                              certificate in PEM format.
  --cache-dir <dir>           Store the cache data in <dir>.
  --no-cache-dir              Disable the cache.
  --disable-pip-version-check
                              Don't periodically check PyPI to determine whether a new version of pip is available for
                              download. Implied with --no-index.
  --no-color                  Suppress colored output.
  --no-python-version-warning
                              Silence deprecation warnings for upcoming unsupported Pythons.
  --use-feature <feature>     Enable new functionality, that may be backward incompatible.
  --use-deprecated <feature>  Enable deprecated functionality, that will be removed in the future.

C:\Users\sewang>python --version
Python 3.7.9

C:\Users\sewang>python3 --version
Python was not found; run without arguments to install from the Microsoft Store, or disable this shortcut from Settings > Manage App Execution Aliases.

C:\Users\sewang>pip install virtualenv
Looking in indexes: https://pypi.doubanio.com/simple/
ERROR: Exception:
Traceback (most recent call last):
  File "c:\python37\lib\site-packages\pip\_internal\cli\base_command.py", line 180, in _main
    status = self.run(options, args)
  File "c:\python37\lib\site-packages\pip\_internal\cli\req_command.py", line 205, in wrapper
    return func(self, options, args)
  File "c:\python37\lib\site-packages\pip\_internal\commands\install.py", line 319, in run
    reqs, check_supported_wheels=not options.target_dir
  File "c:\python37\lib\site-packages\pip\_internal\resolution\resolvelib\resolver.py", line 128, in resolve
    requirements, max_rounds=try_to_avoid_resolution_too_deep
  File "c:\python37\lib\site-packages\pip\_vendor\resolvelib\resolvers.py", line 473, in resolve
    state = resolution.resolve(requirements, max_rounds=max_rounds)
  File "c:\python37\lib\site-packages\pip\_vendor\resolvelib\resolvers.py", line 341, in resolve
    name, crit = self._merge_into_criterion(r, parent=None)
  File "c:\python37\lib\site-packages\pip\_vendor\resolvelib\resolvers.py", line 172, in _merge_into_criterion
    if not criterion.candidates:
  File "c:\python37\lib\site-packages\pip\_vendor\resolvelib\structs.py", line 139, in __bool__
    return bool(self._sequence)
  File "c:\python37\lib\site-packages\pip\_internal\resolution\resolvelib\found_candidates.py", line 143, in __bool__
    return any(self)
  File "c:\python37\lib\site-packages\pip\_internal\resolution\resolvelib\found_candidates.py", line 129, in <genexpr>
    return (c for c in iterator if id(c) not in self._incompatible_ids)
  File "c:\python37\lib\site-packages\pip\_internal\resolution\resolvelib\found_candidates.py", line 30, in _iter_built
    for version, func in infos:
  File "c:\python37\lib\site-packages\pip\_internal\resolution\resolvelib\factory.py", line 272, in iter_index_candidate_infos
    hashes=hashes,
  File "c:\python37\lib\site-packages\pip\_internal\index\package_finder.py", line 879, in find_best_candidate
    candidates = self.find_all_candidates(project_name)
  File "c:\python37\lib\site-packages\pip\_internal\index\package_finder.py", line 824, in find_all_candidates
    page_candidates = list(page_candidates_it)
  File "c:\python37\lib\site-packages\pip\_internal\index\sources.py", line 134, in page_candidates
    yield from self._candidates_from_page(self._link)
  File "c:\python37\lib\site-packages\pip\_internal\index\package_finder.py", line 783, in process_project_url
    html_page = self._link_collector.fetch_page(project_url)
  File "c:\python37\lib\site-packages\pip\_internal\index\collector.py", line 512, in fetch_page
    return _get_html_page(location, session=self.session)
  File "c:\python37\lib\site-packages\pip\_internal\index\collector.py", line 422, in _get_html_page
    resp = _get_html_response(url, session=session)
  File "c:\python37\lib\site-packages\pip\_internal\index\collector.py", line 137, in _get_html_response
    "Cache-Control": "max-age=0",
  File "c:\python37\lib\site-packages\pip\_vendor\requests\sessions.py", line 555, in get
    return self.request('GET', url, **kwargs)
  File "c:\python37\lib\site-packages\pip\_internal\network\session.py", line 449, in request
    return super().request(method, url, *args, **kwargs)
  File "c:\python37\lib\site-packages\pip\_vendor\requests\sessions.py", line 542, in request
    resp = self.send(prep, **send_kwargs)
  File "c:\python37\lib\site-packages\pip\_vendor\requests\sessions.py", line 655, in send
    r = adapter.send(request, **kwargs)
  File "c:\python37\lib\site-packages\pip\_vendor\cachecontrol\adapter.py", line 53, in send
    resp = super(CacheControlAdapter, self).send(request, **kw)
  File "c:\python37\lib\site-packages\pip\_vendor\requests\adapters.py", line 449, in send
    timeout=timeout
  File "c:\python37\lib\site-packages\pip\_vendor\urllib3\connectionpool.py", line 696, in urlopen
    self._prepare_proxy(conn)
  File "c:\python37\lib\site-packages\pip\_vendor\urllib3\connectionpool.py", line 964, in _prepare_proxy
    conn.connect()
  File "c:\python37\lib\site-packages\pip\_vendor\urllib3\connection.py", line 359, in connect
    conn = self._connect_tls_proxy(hostname, conn)
  File "c:\python37\lib\site-packages\pip\_vendor\urllib3\connection.py", line 506, in _connect_tls_proxy
    ssl_context=ssl_context,
  File "c:\python37\lib\site-packages\pip\_vendor\urllib3\util\ssl_.py", line 432, in ssl_wrap_socket
    ssl_sock = _ssl_wrap_socket_impl(sock, context, tls_in_tls)
  File "c:\python37\lib\site-packages\pip\_vendor\urllib3\util\ssl_.py", line 474, in _ssl_wrap_socket_impl
    return ssl_context.wrap_socket(sock)
  File "c:\python37\lib\ssl.py", line 423, in wrap_socket
    session=session
  File "c:\python37\lib\ssl.py", line 827, in _create
    raise ValueError("check_hostname requires server_hostname")
ValueError: check_hostname requires server_hostname

C:\Users\sewang>pip install virtualenv -i http://mirrors.aliyun.com/pypi/simple --trusted-host mirrors.aliyun.com
Looking in indexes: http://mirrors.aliyun.com/pypi/simple
Collecting virtualenv
  Downloading http://mirrors.aliyun.com/pypi/packages/ac/8a/05e8d8a3ac88a3c4ebec1fe2b1b4730e6e6ebdddb52cfd6cea6803de4624/virtualenv-20.10.0-py2.py3-none-any.whl (5.6 MB)
     |████████████████████████████████| 5.6 MB 242 kB/s
Requirement already satisfied: six<2,>=1.9.0 in c:\python37\lib\site-packages (from virtualenv) (1.15.0)
Requirement already satisfied: importlib-metadata>=0.12 in c:\python37\lib\site-packages (from virtualenv) (3.3.0)
Collecting backports.entry-points-selectable>=1.0.4
  Downloading http://mirrors.aliyun.com/pypi/packages/6d/2e/a6789183415658c7f2c41da8599d53077bd222233039f5c92bffbf23b28d/backports.entry_points_selectable-1.1.1-py2.py3-none-any.whl (6.2 kB)
Collecting filelock<4,>=3.2
  Downloading http://mirrors.aliyun.com/pypi/packages/e8/3b/b59c7bcacc4cccafcd6e927a9e191268657e79a0a75530132cbf03b22c47/filelock-3.4.0-py3-none-any.whl (9.8 kB)
Collecting distlib<1,>=0.3.1
  Downloading http://mirrors.aliyun.com/pypi/packages/28/36/4bdfb663826d6deedc30b179a7b7876a86943cec9fcfc3f1638489fd8b09/distlib-0.3.3-py2.py3-none-any.whl (496 kB)
     |████████████████████████████████| 496 kB 139 kB/s
Collecting platformdirs<3,>=2
  Downloading http://mirrors.aliyun.com/pypi/packages/b1/78/dcfd84d3aabd46a9c77260fb47ea5d244806e4daef83aa6fe5d83adb182c/platformdirs-2.4.0-py3-none-any.whl (14 kB)
Requirement already satisfied: zipp>=0.5 in c:\python37\lib\site-packages (from importlib-metadata>=0.12->virtualenv) (3.4.0)
Requirement already satisfied: typing-extensions>=3.6.4 in c:\python37\lib\site-packages (from importlib-metadata>=0.12->virtualenv) (3.7.4.3)
Installing collected packages: platformdirs, filelock, distlib, backports.entry-points-selectable, virtualenv
Successfully installed backports.entry-points-selectable-1.1.1 distlib-0.3.3 filelock-3.4.0 platformdirs-2.4.0 virtualenv-20.10.0
WARNING: You are using pip version 21.1.3; however, version 21.3.1 is available.
You should consider upgrading via the 'c:\python37\python.exe -m pip install --upgrade pip' command.

C:\Users\sewang>c:\python37\python.exe -m pip install --upgrade pip
Looking in indexes: https://pypi.doubanio.com/simple/
Requirement already satisfied: pip in c:\python37\lib\site-packages (21.1.3)
ERROR: Exception:
Traceback (most recent call last):
  File "c:\python37\lib\site-packages\pip\_internal\cli\base_command.py", line 180, in _main
    status = self.run(options, args)
  File "c:\python37\lib\site-packages\pip\_internal\cli\req_command.py", line 205, in wrapper
    return func(self, options, args)
  File "c:\python37\lib\site-packages\pip\_internal\commands\install.py", line 319, in run
    reqs, check_supported_wheels=not options.target_dir
  File "c:\python37\lib\site-packages\pip\_internal\resolution\resolvelib\resolver.py", line 128, in resolve
    requirements, max_rounds=try_to_avoid_resolution_too_deep
  File "c:\python37\lib\site-packages\pip\_vendor\resolvelib\resolvers.py", line 473, in resolve
    state = resolution.resolve(requirements, max_rounds=max_rounds)
  File "c:\python37\lib\site-packages\pip\_vendor\resolvelib\resolvers.py", line 341, in resolve
    name, crit = self._merge_into_criterion(r, parent=None)
  File "c:\python37\lib\site-packages\pip\_vendor\resolvelib\resolvers.py", line 172, in _merge_into_criterion
    if not criterion.candidates:
  File "c:\python37\lib\site-packages\pip\_vendor\resolvelib\structs.py", line 139, in __bool__
    return bool(self._sequence)
  File "c:\python37\lib\site-packages\pip\_internal\resolution\resolvelib\found_candidates.py", line 143, in __bool__
    return any(self)
  File "c:\python37\lib\site-packages\pip\_internal\resolution\resolvelib\found_candidates.py", line 129, in <genexpr>
    return (c for c in iterator if id(c) not in self._incompatible_ids)
  File "c:\python37\lib\site-packages\pip\_internal\resolution\resolvelib\found_candidates.py", line 74, in _iter_built_with_inserted
    for version, func in infos:
  File "c:\python37\lib\site-packages\pip\_internal\resolution\resolvelib\factory.py", line 272, in iter_index_candidate_infos
    hashes=hashes,
  File "c:\python37\lib\site-packages\pip\_internal\index\package_finder.py", line 879, in find_best_candidate
    candidates = self.find_all_candidates(project_name)
  File "c:\python37\lib\site-packages\pip\_internal\index\package_finder.py", line 824, in find_all_candidates
    page_candidates = list(page_candidates_it)
  File "c:\python37\lib\site-packages\pip\_internal\index\sources.py", line 134, in page_candidates
    yield from self._candidates_from_page(self._link)
  File "c:\python37\lib\site-packages\pip\_internal\index\package_finder.py", line 783, in process_project_url
    html_page = self._link_collector.fetch_page(project_url)
  File "c:\python37\lib\site-packages\pip\_internal\index\collector.py", line 512, in fetch_page
    return _get_html_page(location, session=self.session)
  File "c:\python37\lib\site-packages\pip\_internal\index\collector.py", line 422, in _get_html_page
    resp = _get_html_response(url, session=session)
  File "c:\python37\lib\site-packages\pip\_internal\index\collector.py", line 137, in _get_html_response
    "Cache-Control": "max-age=0",
  File "c:\python37\lib\site-packages\pip\_vendor\requests\sessions.py", line 555, in get
    return self.request('GET', url, **kwargs)
  File "c:\python37\lib\site-packages\pip\_internal\network\session.py", line 449, in request
    return super().request(method, url, *args, **kwargs)
  File "c:\python37\lib\site-packages\pip\_vendor\requests\sessions.py", line 542, in request
    resp = self.send(prep, **send_kwargs)
  File "c:\python37\lib\site-packages\pip\_vendor\requests\sessions.py", line 655, in send
    r = adapter.send(request, **kwargs)
  File "c:\python37\lib\site-packages\pip\_vendor\cachecontrol\adapter.py", line 53, in send
    resp = super(CacheControlAdapter, self).send(request, **kw)
  File "c:\python37\lib\site-packages\pip\_vendor\requests\adapters.py", line 449, in send
    timeout=timeout
  File "c:\python37\lib\site-packages\pip\_vendor\urllib3\connectionpool.py", line 696, in urlopen
    self._prepare_proxy(conn)
  File "c:\python37\lib\site-packages\pip\_vendor\urllib3\connectionpool.py", line 964, in _prepare_proxy
    conn.connect()
  File "c:\python37\lib\site-packages\pip\_vendor\urllib3\connection.py", line 359, in connect
    conn = self._connect_tls_proxy(hostname, conn)
  File "c:\python37\lib\site-packages\pip\_vendor\urllib3\connection.py", line 506, in _connect_tls_proxy
    ssl_context=ssl_context,
  File "c:\python37\lib\site-packages\pip\_vendor\urllib3\util\ssl_.py", line 432, in ssl_wrap_socket
    ssl_sock = _ssl_wrap_socket_impl(sock, context, tls_in_tls)
  File "c:\python37\lib\site-packages\pip\_vendor\urllib3\util\ssl_.py", line 474, in _ssl_wrap_socket_impl
    return ssl_context.wrap_socket(sock)
  File "c:\python37\lib\ssl.py", line 423, in wrap_socket
    session=session
  File "c:\python37\lib\ssl.py", line 827, in _create
    raise ValueError("check_hostname requires server_hostname")
ValueError: check_hostname requires server_hostname
WARNING: You are using pip version 21.1.3; however, version 21.3.1 is available.
You should consider upgrading via the 'c:\python37\python.exe -m pip install --upgrade pip' command.

C:\Users\sewang>pip install --upgrade pip -i http://mirrors.aliyun.com/pypi/simple --trusted-host mirrors.aliyun.com
Looking in indexes: http://mirrors.aliyun.com/pypi/simple
Requirement already satisfied: pip in c:\python37\lib\site-packages (21.1.3)
Collecting pip
  Downloading http://mirrors.aliyun.com/pypi/packages/a4/6d/6463d49a933f547439d6b5b98b46af8742cc03ae83543e4d7688c2420f8b/pip-21.3.1-py3-none-any.whl (1.7 MB)
     |████████████████████████████████| 1.7 MB 284 kB/s
Installing collected packages: pip
  Attempting uninstall: pip
    Found existing installation: pip 21.1.3
    Uninstalling pip-21.1.3:
      Successfully uninstalled pip-21.1.3
ERROR: Could not install packages due to an OSError: [WinError 5] Access is denied: 'C:\\Users\\sewang\\AppData\\Local\\Temp\\pip-uninstall-zaa8wrut\\pip.exe'
Consider using the `--user` option or check the permissions.


C:\Users\sewang>pip

Usage:
  pip <command> [options]

Commands:
  install                     Install packages.
  download                    Download packages.
  uninstall                   Uninstall packages.
  freeze                      Output installed packages in requirements format.
  list                        List installed packages.
  show                        Show information about installed packages.
  check                       Verify installed packages have compatible dependencies.
  config                      Manage local and global configuration.
  search                      Search PyPI for packages.
  cache                       Inspect and manage pip's wheel cache.
  index                       Inspect information available from package indexes.
  wheel                       Build wheels from your requirements.
  hash                        Compute hashes of package archives.
  completion                  A helper command used for command completion.
  debug                       Show information useful for debugging.
  help                        Show help for commands.

General Options:
  -h, --help                  Show help.
  --debug                     Let unhandled exceptions propagate outside the main subroutine, instead of logging them
                              to stderr.
  --isolated                  Run pip in an isolated mode, ignoring environment variables and user configuration.
  -v, --verbose               Give more output. Option is additive, and can be used up to 3 times.
  -V, --version               Show version and exit.
  -q, --quiet                 Give less output. Option is additive, and can be used up to 3 times (corresponding to
                              WARNING, ERROR, and CRITICAL logging levels).
  --log <path>                Path to a verbose appending log.
  --no-input                  Disable prompting for input.
  --proxy <proxy>             Specify a proxy in the form [user:passwd@]proxy.server:port.
  --retries <retries>         Maximum number of retries each connection should attempt (default 5 times).
  --timeout <sec>             Set the socket timeout (default 15 seconds).
  --exists-action <action>    Default action when a path already exists: (s)witch, (i)gnore, (w)ipe, (b)ackup,
                              (a)bort.
  --trusted-host <hostname>   Mark this host or host:port pair as trusted, even though it does not have valid or any
                              HTTPS.
  --cert <path>               Path to PEM-encoded CA certificate bundle. If provided, overrides the default. See 'SSL
                              Certificate Verification' in pip documentation for more information.
  --client-cert <path>        Path to SSL client certificate, a single file containing the private key and the
                              certificate in PEM format.
  --cache-dir <dir>           Store the cache data in <dir>.
  --no-cache-dir              Disable the cache.
  --disable-pip-version-check
                              Don't periodically check PyPI to determine whether a new version of pip is available for
                              download. Implied with --no-index.
  --no-color                  Suppress colored output.
  --no-python-version-warning
                              Silence deprecation warnings for upcoming unsupported Pythons.
  --use-feature <feature>     Enable new functionality, that may be backward incompatible.
  --use-deprecated <feature>  Enable deprecated functionality, that will be removed in the future.

C:\Users\sewang>pip install --upgrade pip -i http://mirrors.aliyun.com/pypi/simple --trusted-host mirrors.aliyun.com --user sewang
Looking in indexes: http://mirrors.aliyun.com/pypi/simple
Requirement already satisfied: pip in c:\python37\lib\site-packages (21.3.1)
ERROR: Could not find a version that satisfies the requirement sewang (from versions: none)
ERROR: No matching distribution found for sewang

C:\Users\sewang>
C:\Users\sewang>c:\python37\python.exe -m pip install --upgrade pip -i http://mirrors.aliyun.com/pypi/simple --trusted-host mirrors.aliyun.com
Looking in indexes: http://mirrors.aliyun.com/pypi/simple
Requirement already satisfied: pip in c:\python37\lib\site-packages (21.3.1)

C:\Users\sewang>virtualenv venv -p python
created virtual environment CPython3.7.9.final.0-64 in 3433ms
  creator CPython3Windows(dest=C:\Users\sewang\venv, clear=False, no_vcs_ignore=False, global=False)
  seeder FromAppData(download=False, pip=bundle, setuptools=bundle, wheel=bundle, via=copy, app_data_dir=C:\Users\sewang\AppData\Local\pypa\virtualenv)
    added seed packages: pip==21.3.1, setuptools==58.3.0, wheel==0.37.0
  activators BashActivator,BatchActivator,FishActivator,NushellActivator,PowerShellActivator,PythonActivator

C:\Users\sewang>activate
'activate' is not recognized as an internal or external command,
operable program or batch file.

C:\Users\sewang>venv activate
'venv' is not recognized as an internal or external command,
operable program or batch file.

C:\Users\sewang>cd venv

C:\Users\sewang\venv>dir
 Volume in drive C has no label.
 Volume Serial Number is B4FA-2BFD

 Directory of C:\Users\sewang\venv

11/23/2021  12:11 PM    <DIR>          .
11/23/2021  12:11 PM    <DIR>          ..
11/23/2021  12:11 PM                42 .gitignore
11/23/2021  12:11 PM    <DIR>          Lib
11/23/2021  12:11 PM               237 pyvenv.cfg
11/23/2021  12:11 PM    <DIR>          Scripts
               2 File(s)            279 bytes
               4 Dir(s)  122,643,935,232 bytes free

C:\Users\sewang\venv>venv active
'venv' is not recognized as an internal or external command,
operable program or batch file.

C:\Users\sewang\venv>pip install django
Looking in indexes: https://pypi.doubanio.com/simple/
Requirement already satisfied: django in c:\python37\lib\site-packages (3.2.4)
Requirement already satisfied: sqlparse>=0.2.2 in c:\python37\lib\site-packages (from django) (0.4.1)
Requirement already satisfied: asgiref<4,>=3.3.2 in c:\python37\lib\site-packages (from django) (3.3.4)
Requirement already satisfied: pytz in c:\python37\lib\site-packages (from django) (2021.1)
Requirement already satisfied: typing-extensions in c:\python37\lib\site-packages (from asgiref<4,>=3.3.2->django) (3.7.4.3)

C:\Users\sewang\venv>django-admin startproject myproject

C:\Users\sewang\venv>dir
 Volume in drive C has no label.
 Volume Serial Number is B4FA-2BFD

 Directory of C:\Users\sewang\venv

11/23/2021  12:13 PM    <DIR>          .
11/23/2021  12:13 PM    <DIR>          ..
11/23/2021  12:11 PM                42 .gitignore
11/23/2021  12:11 PM    <DIR>          Lib
11/23/2021  12:13 PM    <DIR>          myproject
11/23/2021  12:11 PM               237 pyvenv.cfg
11/23/2021  12:11 PM    <DIR>          Scripts
               2 File(s)            279 bytes
               5 Dir(s)  122,639,978,496 bytes free

C:\Users\sewang\venv>python manage.py runserver
python: can't open file 'manage.py': [Errno 2] No such file or directory

C:\Users\sewang\venv>
C:\Users\sewang\venv>c:\Python37\python -m venv c:\Users\sewang\venv

C:\Users\sewang\venv>python -m venv c:\Users\sewang\venv

C:\Users\sewang\venv>python -m venv c:\Users\sewang\venv -h
usage: venv [-h] [--system-site-packages] [--symlinks | --copies] [--clear]
            [--upgrade] [--without-pip] [--prompt PROMPT]
            ENV_DIR [ENV_DIR ...]

Creates virtual Python environments in one or more target directories.

positional arguments:
  ENV_DIR               A directory to create the environment in.

optional arguments:
  -h, --help            show this help message and exit
  --system-site-packages
                        Give the virtual environment access to the system
                        site-packages dir.
  --symlinks            Try to use symlinks rather than copies, when symlinks
                        are not the default for the platform.
  --copies              Try to use copies rather than symlinks, even when
                        symlinks are the default for the platform.
  --clear               Delete the contents of the environment directory if it
                        already exists, before environment creation.
  --upgrade             Upgrade the environment directory to use this version
                        of Python, assuming Python has been upgraded in-place.
  --without-pip         Skips installing or upgrading pip in the virtual
                        environment (pip is bootstrapped by default)
  --prompt PROMPT       Provides an alternative prompt prefix for this
                        environment.

Once an environment has been created, you may wish to activate it, e.g. by
sourcing an activate script in its bin directory.

C:\Users\sewang\venv>python -m venv c:\Users\sewang\venv

C:\Users\sewang\venv>
C:\Users\sewang\venv>cd ..

C:\Users\sewang>virtualenv --python c:\Python37\python.exe env
created virtual environment CPython3.7.9.final.0-64 in 4760ms
  creator CPython3Windows(dest=C:\Users\sewang\env, clear=False, no_vcs_ignore=False, global=False)
  seeder FromAppData(download=False, pip=bundle, setuptools=bundle, wheel=bundle, via=copy, app_data_dir=C:\Users\sewang\AppData\Local\pypa\virtualenv)
    added seed packages: pip==21.3.1, setuptools==58.3.0, wheel==0.37.0
  activators BashActivator,BatchActivator,FishActivator,NushellActivator,PowerShellActivator,PythonActivator

C:\Users\sewang>.\venv\Scripts\activate

(venv) C:\Users\sewang>pip install Django
Looking in indexes: https://pypi.doubanio.com/simple/
WARNING: Retrying (Retry(total=4, connect=None, read=None, redirect=None, status=None)) after connection broken by 'SSLError(SSLError(1, '[SSL: WRONG_VERSION_NUMBER] wrong version number (_ssl.c:1091)'))': /simple/django/
WARNING: Retrying (Retry(total=3, connect=None, read=None, redirect=None, status=None)) after connection broken by 'SSLError(SSLError(1, '[SSL: WRONG_VERSION_NUMBER] wrong version number (_ssl.c:1091)'))': /simple/django/
WARNING: Retrying (Retry(total=2, connect=None, read=None, redirect=None, status=None)) after connection broken by 'SSLError(SSLError(1, '[SSL: WRONG_VERSION_NUMBER] wrong version number (_ssl.c:1091)'))': /simple/django/
WARNING: Retrying (Retry(total=1, connect=None, read=None, redirect=None, status=None)) after connection broken by 'SSLError(SSLError(1, '[SSL: WRONG_VERSION_NUMBER] wrong version number (_ssl.c:1091)'))': /simple/django/
WARNING: Retrying (Retry(total=0, connect=None, read=None, redirect=None, status=None)) after connection broken by 'SSLError(SSLError(1, '[SSL: WRONG_VERSION_NUMBER] wrong version number (_ssl.c:1091)'))': /simple/django/
Could not fetch URL https://pypi.doubanio.com/simple/django/: There was a problem confirming the ssl certificate: HTTPSConnectionPool(host='pypi.doubanio.com', port=443): Max retries exceeded with url: /simple/django/ (Caused by SSLError(SSLError(1, '[SSL: WRONG_VERSION_NUMBER] wrong version number (_ssl.c:1091)'))) - skipping
ERROR: Could not find a version that satisfies the requirement Django (from versions: none)
ERROR: No matching distribution found for Django
Could not fetch URL https://pypi.doubanio.com/simple/pip/: There was a problem confirming the ssl certificate: HTTPSConnectionPool(host='pypi.doubanio.com', port=443): Max retries exceeded with url: /simple/pip/ (Caused by SSLError(SSLError(1, '[SSL: WRONG_VERSION_NUMBER] wrong version number (_ssl.c:1091)'))) - skipping

(venv) C:\Users\sewang>pip install Django -i http://mirrors.aliyun.com/pypi/simple --trusted-host mirrors.aliyun.com
Looking in indexes: http://mirrors.aliyun.com/pypi/simple
Collecting Django
  Downloading http://mirrors.aliyun.com/pypi/packages/a8/ca/e88eb097959c48cd313dfc4bc394699a48fe5c158ed3a64c13e4fa46c1fd/Django-3.2.9-py3-none-any.whl (7.9 MB)
     |████████████████████████████████| 7.9 MB 88 kB/s
Collecting asgiref<4,>=3.3.2
  Downloading http://mirrors.aliyun.com/pypi/packages/fe/66/577f32b54c50dcd8dec38447258e82ed327ecb86820d67ae7b3dea784f13/asgiref-3.4.1-py3-none-any.whl (25 kB)
Collecting sqlparse>=0.2.2
  Downloading http://mirrors.aliyun.com/pypi/packages/05/40/d836d55fb3f467243ee839ab7b814822fda522cd395fa41e282684e71ee5/sqlparse-0.4.2-py3-none-any.whl (42 kB)
     |████████████████████████████████| 42 kB 45 kB/s
Collecting pytz
  Downloading http://mirrors.aliyun.com/pypi/packages/d3/e3/d9f046b5d1c94a3aeab15f1f867aa414f8ee9d196fae6865f1d6a0ee1a0b/pytz-2021.3-py2.py3-none-any.whl (503 kB)
     |████████████████████████████████| 503 kB 386 kB/s
Collecting typing-extensions
  Downloading http://mirrors.aliyun.com/pypi/packages/17/61/32c3ab8951142e061587d957226b5683d1387fb22d95b4f69186d92616d1/typing_extensions-4.0.0-py3-none-any.whl (22 kB)
Installing collected packages: typing-extensions, sqlparse, pytz, asgiref, Django
Successfully installed Django-3.2.9 asgiref-3.4.1 pytz-2021.3 sqlparse-0.4.2 typing-extensions-4.0.0

(venv) C:\Users\sewang>pip freeze > requirements.txt

(venv) C:\Users\sewang>django-admin startproject myproject
CommandError: 'myproject' conflicts with the name of an existing Python module and cannot be used as a project name. Please try another name.

(venv) C:\Users\sewang>django-admin startproject seanproject

(venv) C:\Users\sewang>python manage.py runserver
C:\Python37\python.exe: can't open file 'manage.py': [Errno 2] No such file or directory

(venv) C:\Users\sewang>cd venv\myproject

(venv) C:\Users\sewang\venv\myproject>python manage.py runserver
Watching for file changes with StatReloader
Performing system checks...

System check identified no issues (0 silenced).

You have 18 unapplied migration(s). Your project may not work properly until you apply the migrations for app(s): admin, auth, contenttypes, sessions.
Run 'python manage.py migrate' to apply them.
November 23, 2021 - 12:38:00
Django version 3.2.9, using settings 'myproject.settings'
Starting development server at http://127.0.0.1:8000/
Quit the server with CTRL-BREAK.
Error: [WinError 10013] An attempt was made to access a socket in a way forbidden by its access permissions

(venv) C:\Users\sewang\venv\myproject>